warning: 'grdb.swift': /Volumes/ExtSSD160/.mahler-worktrees/phish-in/346-run10178/macos/Packages/CouchTourKit/.build/checkouts/GRDB.swift/Package.swift:40:19: warning: 'v4' is deprecated: watchOS 9.0 is the oldest supported version [#DeprecatedDeclaration]
38 |         .macOS(.v10_13),
39 |         .tvOS(.v11),
40 |         .watchOS(.v4),
   |                   `- warning: 'v4' is deprecated: watchOS 9.0 is the oldest supported version [#DeprecatedDeclaration]
41 |     ],
42 |     products: [

[#DeprecatedDeclaration]: <https://docs.swift.org/compiler/documentation/diagnostics/deprecated-declaration>
Building for debugging...
[Using on-disk description]
[1 / 28]
[2 / 13] CouchTourKitTests-product
[3 / 24]
[4 / 24]
error: SwiftCompile normal arm64 /Volumes/ExtSSD160/.mahler-worktrees/phish-in/346-run10178/macos/Packages/CouchTourKit/Tests/CouchTourKitTests/E2E/DiscoveryCatalogE2ETests.swift failed with a nonzero exit code. Command line:     cd /Volumes/ExtSSD160/.mahler-worktrees/phish-in/346-run10178/macos/Packages
    builtin-SwiftPerFileCompile DiscoveryCatalogE2ETests.swift
/Volumes/ExtSSD160/.mahler-worktrees/phish-in/346-run10178/macos/Packages/CouchTourKit/Tests/CouchTourKitTests/E2E/DiscoveryCatalogE2ETests.swift:98:31: [1;31merror: [1;39mcall can throw but is not marked with 'try'[0;0m
 [0;36m96 |[0;0m 
 [0;36m97 |[0;0m         let pref = ArtistTourPreference(artistKey: gratefulDead.key, tourName: "Spring 1977", year: "1977")
 [0;36m98 |[0;0m         let tourShows = await [4;39mtourFor(artist: gratefulDead, preference: pref, source: { _ in mock })[0;0m
    [0;36m|[0;0m                               |- [1;31merror: [1;39mcall can throw but is not marked with 'try'[0;0m
    [0;36m|[0;0m                               |- [1;39mnote: [1;39mdid you mean to use 'try'?[0;0m
    [0;36m|[0;0m                               |- [1;39mnote: [1;39mdid you mean to handle error as optional value?[0;0m
    [0;36m|[0;0m                               `- [1;39mnote: [1;39mdid you mean to disable error propagation?[0;0m
 [0;36m99 |[0;0m         XCTAssertEqual(3, tourShows.count)
[0;36m100 |[0;0m 
Failed frontend command:
/Applications/Xcode.app/Contents/Developer/Toolchains/XcodeDefault.xctoolchain/usr/bin/swift-frontend -frontend -c /Volumes/ExtSSD160/.mahler-worktrees/phish-in/346-run10178/macos/Packages/CouchTourKit/.build/out/Intermediates.noindex/CouchTourKit.build/Debug/CouchTourKitTests-p.build/DerivedSources/resource_bundle_accessor.swift /Volumes/ExtSSD160/.mahler-worktrees/phish-in/346-run10178/macos/Packages/CouchTourKit/.build/out/Intermediates.noindex/CouchTourKit.build/Debug/CouchTourKitTests-p.build/DerivedSources/test_entry_point.swift /Volumes/ExtSSD160/.mahler-worktrees/phish-in/346-run10178/macos/Packages/CouchTourKit/Tests/CouchTourKitTests/ArtistAbbreviationsTests.swift /Volumes/ExtSSD160/.mahler-worktrees/phish-in/346-run10178/macos/Packages/CouchTourKit/Tests/CouchTourKitTests/ArtworkTests.swift /Volumes/ExtSSD160/.mahler-worktrees/phish-in/346-run10178/macos/Packages/CouchTourKit/Tests/CouchTourKitTests/CastTests.swift /Volumes/ExtSSD160/.mahler-worktrees/phish-in/346-run10178/macos/Packages/CouchTourKit/Tests/CouchTourKitTests/CatalogCacheTests.swift -primary-file /Volumes/ExtSSD160/.mahler-worktrees/phish-in/346-run10178/macos/Packages/CouchTourKit/Tests/CouchTourKitTests/CatalogTests.swift -primary-file /Volumes/ExtSSD160/.mahler-worktrees/phish-in/346-run10178/macos/Packages/CouchTourKit/Tests/CouchTourKitTests/E2E/DiscoveryCatalogE2ETests.swift -primary-file /Volumes/ExtSSD160/.mahler-worktrees/phish-in/346-run10178/macos/Packages/CouchTourKit/Tests/CouchTourKitTests/FavoritesTests.swift -primary-file /Volumes/ExtSSD160/.mahler-worktrees/phish-in/346-run10178/macos/Packages/CouchTourKit/Tests/CouchTourKitTests/FeedbackTests.swift -primary-file /Volumes/ExtSSD160/.mahler-worktrees/phish-in/346-run10178/macos/Packages/CouchTourKit/Tests/CouchTourKitTests/FillerTrackTests.swift /Volumes/ExtSSD160/.mahler-worktrees/phish-in/346-run10178/macos/Packages/CouchTourKit/Tests/CouchTourKitTests/Fixture.swift /Volumes/ExtSSD160/.mahler-worktrees/phish-in/346-run10178/macos/Packages/CouchTourKit/Tests/CouchTourKitTests/FormatTests.swift /Volumes/ExtSSD160/.mahler-worktrees/phish-in/346-run10178/macos/Packages/CouchTourKit/Tests/CouchTourKitTests/LikesTests.swift /Volumes/ExtSSD160/.mahler-worktrees/phish-in/346-run10178/macos/Packages/CouchTourKit/Tests/CouchTourKitTests/LocalPlaylistTests.swift /Volumes/ExtSSD160/.mahler-worktrees/phish-in/346-run10178/macos/Packages/CouchTourKit/Tests/CouchTourKitTests/LoudnessMeasurerTests.swift /Volumes/ExtSSD160/.mahler-worktrees/phish-in/346-run10178/macos/Packages/CouchTourKit/Tests/CouchTourKitTests/LoudnessTests.swift /Volumes/ExtSSD160/.mahler-worktrees/phish-in/346-run10178/macos/Packages/CouchTourKit/Tests/CouchTourKitTests/MigrationTests.swift /Volumes/ExtSSD160/.mahler-worktrees/phish-in/346-run10178/macos/Packages/CouchTourKit/Tests/CouchTourKitTests/Milestone1StressTests.swift /Volumes/ExtSSD160/.mahler-worktrees/phish-in/346-run10178/macos/Packages/CouchTourKit/Tests/CouchTourKitTests/MockServer.swift /Volumes/ExtSSD160/.mahler-worktrees/phish-in/346-run10178/macos/Packages/CouchTourKit/Tests/CouchTourKitTests/NavigationTests.swift /Volumes/ExtSSD160/.mahler-worktrees/phish-in/346-run10178/macos/Packages/CouchTourKit/Tests/CouchTourKitTests/NextStopTests.swift /Volumes/ExtSSD160/.mahler-worktrees/phish-in/346-run10178/macos/Packages/CouchTourKit/Tests/CouchTourKitTests/OnThisDateTests.swift /Volumes/ExtSSD160/.mahler-worktrees/phish-in/346-run10178/macos/Packages/CouchTourKit/Tests/CouchTourKitTests/PhishInAuthTests.swift /Volumes/ExtSSD160/.mahler-worktrees/phish-in/346-run10178/macos/Packages/CouchTourKit/Tests/CouchTourKitTests/PhishInParsingTests.swift /Volumes/ExtSSD160/.mahler-worktrees/phish-in/346-run10178/macos/Packages/CouchTourKit/Tests/CouchTourKitTests/PlaybackModeTests.swift /Volumes/ExtSSD160/.mahler-worktrees/phish-in/346-run10178/macos/Packages/CouchTourKit/Tests/CouchTourKitTests/PlaybackSettingsTests.swift /Volumes/ExtSSD160/.mahler-worktrees/phish-in/346-run10178/macos/Packages/CouchTourKit/Tests/CouchTourKitTests/ProgressRecorderTests.swift /Volumes/ExtSSD160/.mahler-worktrees/phish-in/346-run10178/macos/Packages/CouchTourKit/Tests/CouchTourKitTests/ProgressStoreTests.swift /Volumes/ExtSSD160/.mahler-worktrees/phish-in/346-run10178/macos/Packages/CouchTourKit/Tests/CouchTourKitTests/QueueKeyTests.swift /Volumes/ExtSSD160/.mahler-worktrees/phish-in/346-run10178/macos/Packages/CouchTourKit/Tests/CouchTourKitTests/RelistenParsingTests.swift /Volumes/ExtSSD160/.mahler-worktrees/phish-in/346-run10178/macos/Packages/CouchTourKit/Tests/CouchTourKitTests/RelistenPopularityTests.swift /Volumes/ExtSSD160/.mahler-worktrees/phish-in/346-run10178/macos/Packages/CouchTourKit/Tests/CouchTourKitTests/RequestTests.swift /Volumes/ExtSSD160/.mahler-worktrees/phish-in/346-run10178/macos/Packages/CouchTourKit/Tests/CouchTourKitTests/SearchFanOutTests.swift /Volumes/ExtSSD160/.mahler-worktrees/phish-in/346-run10178/macos/Packages/CouchTourKit/Tests/CouchTourKitTests/SecurityValidatorTests.swift /Volumes/ExtSSD160/.mahler-worktrees/phish-in/346-run10178/macos/Packages/CouchTourKit/Tests/CouchTourKitTests/SidebarFavoritesTests.swift /Volumes/ExtSSD160/.mahler-worktrees/phish-in/346-run10178/macos/Packages/CouchTourKit/Tests/CouchTourKitTests/SyncTests.swift /Volumes/ExtSSD160/.mahler-worktrees/phish-in/346-run10178/macos/Packages/CouchTourKit/Tests/CouchTourKitTests/TagTests.swift /Volumes/ExtSSD160/.mahler-worktrees/phish-in/346-run10178/macos/Packages/CouchTourKit/Tests/CouchTourKitTests/ThemeSettingsTests.swift /Volumes/ExtSSD160/.mahler-worktrees/phish-in/346-run10178/macos/Packages/CouchTourKit/Tests/CouchTourKitTests/WaveformLoaderTests.swift /Volumes/ExtSSD160/.mahler-worktrees/phish-in/346-run10178/macos/Packages/CouchTourKit/Tests/CouchTourKitTests/YouTubeParsingTests.swift -supplementary-output-file-map /Volumes/ExtSSD160/.mahler-worktrees/phish-in/346-run10178/macos/Packages/CouchTourKit/.build/out/Intermediates.noindex/CouchTourKit.build/Debug/CouchTourKitTests-p.build/Objects-normal/arm64/supplementaryOutputs-2 -target arm64-apple-macos14.0 -module-can-import-version Testing 2084 0 -module-can-import-version XCTest 25228 0 -disable-cross-import-overlay-search -swift-module-cross-import Testing /Applications/Xcode.app/Contents/Developer/Platforms/MacOSX.platform/Developer/Library/Frameworks/Testing.framework/Modules/Testing.swiftcrossimport/AppKit.swiftoverlay -swift-module-cross-import Testing /Applications/Xcode.app/Contents/Developer/Platforms/MacOSX.platform/Developer/Library/Frameworks/Testing.framework/Modules/Testing.swiftcrossimport/CoreGraphics.swiftoverlay -swift-module-cross-import Testing /Applications/Xcode.app/Contents/Developer/Platforms/MacOSX.platform/Developer/Library/Frameworks/Testing.framework/Modules/Testing.swiftcrossimport/CoreImage.swiftoverlay -swift-module-cross-import Testing /Applications/Xcode.app/Contents/Developer/Platforms/MacOSX.platform/Developer/Library/Frameworks/Testing.framework/Modules/Testing.swiftcrossimport/CoreTransferable.swiftoverlay -swift-module-cross-import Testing /Applications/Xcode.app/Contents/Developer/Platforms/MacOSX.platform/Developer/Library/Frameworks/Testing.framework/Modules/Testing.swiftcrossimport/Foundation.swiftoverlay -load-resolved-plugin /Applications/Xcode.app/Contents/Developer/Platforms/MacOSX.platform/Developer/usr/lib/swift/host/plugins/libFoundationMacros.dylib\#/Applications/Xcode.app/Contents/Developer/Platforms/MacOSX.platform/Developer/usr/bin/swift-plugin-server\#FoundationMacros -load-resolved-plugin /Applications/Xcode.app/Contents/Developer/Platforms/MacOSX.platform/Developer/usr/lib/swift/host/plugins/libObservationMacros.dylib\#/Applications/Xcode.app/Contents/Developer/Platforms/MacOSX.platform/Developer/usr/bin/swift-plugin-server\#ObservationMacros -load-resolved-plugin /Applications/Xcode.app/Contents/Developer/Platforms/MacOSX.platform/Developer/usr/lib/swift/host/plugins/libPreviewsMacros.dylib\#/Applications/Xcode.app/Contents/Developer/Platforms/MacOSX.platform/Developer/usr/bin/swift-plugin-server\#PreviewsMacros -load-resolved-plugin /Applications/Xcode.app/Contents/Developer/Platforms/MacOSX.platform/Developer/usr/lib/swift/host/plugins/libSwiftMacros.dylib\#/Applications/Xcode.app/Contents/Developer/Platforms/MacOSX.platform/Developer/usr/bin/swift-plugin-server\#SwiftMacros -load-resolved-plugin /Applications/Xcode.app/Contents/Developer/Platforms/MacOSX.platform/Developer/usr/lib/swift/host/plugins/libSwiftUIMacros.dylib\#/Applications/Xcode.app/Contents/Developer/Platforms/MacOSX.platform/Developer/usr/bin/swift-plugin-server\#SwiftUIMacros -load-resolved-plugin /Applications/Xcode.app/Contents/Developer/Toolchains/XcodeDefault.xctoolchain/usr/lib/swift/host/plugins/testing/libTestingMacros.dylib\#\#TestingMacros -disable-implicit-swift-modules -Xcc -fno-implicit-modules -Xcc -fno-implicit-module-maps -explicit-swift-module-map-file /Volumes/ExtSSD160/.mahler-worktrees/phish-in/346-run10178/macos/Packages/CouchTourKit/.build/out/Intermediates.noindex/CouchTourKit.build/Debug/CouchTourKitTests-p.build/Objects-normal/arm64/CouchTourKitTests-dependencies-1.json -Xllvm -aarch64-use-tbi -enable-objc-interop -stack-check -sdk /Applications/Xcode.app/Contents/Developer/Platforms/MacOSX.platform/Developer/SDKs/MacOSX27.0.sdk -I /Volumes/ExtSSD160/.mahler-worktrees/phish-in/346-run10178/macos/Packages/CouchTourKit/.build/out/Products/Debug -Isystem /Applications/Xcode.app/Contents/Developer/Platforms/MacOSX.platform/Developer/usr/lib -F /Volumes/ExtSSD160/.mahler-worktrees/phish-in/346-run10178/macos/Packages/CouchTourKit/.build/out/Products/Debug/PackageFrameworks -F /Volumes/ExtSSD160/.mahler-worktrees/phish-in/346-run10178/macos/Packages/CouchTourKit/.build/out/Products/Debug -F /Applications/Xcode.app/Contents/Developer/Platforms/MacOSX.platform/Developer/Library/Frameworks -module-cache-path /Volumes/ExtSSD160/.mahler-worktrees/phish-in/346-run10178/macos/Packages/CouchTourKit/.build/out/Intermediates.noindex/SwiftExplicitPrecompiledModules -color-diagnostics -Xcc -fcolor-diagnostics -enable-testing -g -debug-info-format\=dwarf -dwarf-version\=4 -swift-version 5 -Onone -D SWIFT_PACKAGE -D DEBUG -D SWIFT_MODULE_RESOURCE_BUNDLE_AVAILABLE -D Xcode -serialize-debugging-options -enable-experimental-feature DebugDescriptionMacro -empty-abi-descriptor -validate-clang-modules-once -clang-build-session-file /Volumes/ExtSSD160/.mahler-worktrees/phish-in/346-run10178/macos/Packages/CouchTourKit/.build/out/ModuleCache.noindex/Session.modulevalidation -Xcc -working-directory -Xcc /Volumes/ExtSSD160/.mahler-worktrees/phish-in/346-run10178/macos/Packages -enable-anonymous-context-mangled-names -file-compilation-dir /Volumes/ExtSSD160/.mahler-worktrees/phish-in/346-run10178/macos/Packages -Xcc -fmodule-map-file\=/Volumes/ExtSSD160/.mahler-worktrees/phish-in/346-run10178/macos/Packages/CouchTourKit/.build/checkouts/GRDB.swift/Sources/CSQLite/module.modulemap -Xcc -D_LIBCPP_HARDENING_MODE\=_LIBCPP_HARDENING_MODE_DEBUG -Xcc -ivfsstatcache -Xcc /Volumes/ExtSSD160/.mahler-worktrees/phish-in/346-run10178/macos/Packages/CouchTourKit/.build/out/SDKStatCaches.noindex/macosx27.0-26A425-a0facfad118c1a7a18f0aad9463f65497231f6df4def33e022ae2eb8f782df1a.sdkstatcache -Xcc -fmodules-prune-interval\=86400 -Xcc -fmodules-prune-after\=345600 -Xcc -I/Volumes/ExtSSD160/.mahler-worktrees/phish-in/346-run10178/macos/Packages/CouchTourKit/.build/out/Products/Debug/include -Xcc -I/Volumes/ExtSSD160/.mahler-worktrees/phish-in/346-run10178/macos/Packages/CouchTourKit/.build/out/Intermediates.noindex/CouchTourKit.build/Debug/CouchTourKitTests-p.build/DerivedSources-normal/arm64 -Xcc -I/Volumes/ExtSSD160/.mahler-worktrees/phish-in/346-run10178/macos/Packages/CouchTourKit/.build/out/Intermediates.noindex/CouchTourKit.build/Debug/CouchTourKitTests-p.build/DerivedSources/arm64 -Xcc -I/Volumes/ExtSSD160/.mahler-worktrees/phish-in/346-run10178/macos/Packages/CouchTourKit/.build/out/Intermediates.noindex/CouchTourKit.build/Debug/CouchTourKitTests-p.build/DerivedSources -Xcc -DSWIFT_PACKAGE -Xcc -DDEBUG\=1 -no-auto-bridging-header-chaining -module-name CouchTourKitTests -package-name couchtourkit -const-gather-protocols-file /Volumes/ExtSSD160/.mahler-worktrees/phish-in/346-run10178/macos/Packages/CouchTourKit/.build/out/Intermediates.noindex/CouchTourKit.build/Debug/CouchTourKitTests-p.build/Objects-normal/arm64/CouchTourKitTests_const_extract_protocols.json -disable-clang-spi -clang-target arm64-apple-macos27.0 -target-sdk-version 27.0 -target-sdk-name macosx27.0 -in-process-plugin-server-path /Applications/Xcode.app/Contents/Developer/Toolchains/XcodeDefault.xctoolchain/usr/lib/swift/host/libSwiftInProcPluginServer.dylib -parse-as-library -o /Volumes/ExtSSD160/.mahler-worktrees/phish-in/346-run10178/macos/Packages/CouchTourKit/.build/out/Intermediates.noindex/CouchTourKit.build/Debug/CouchTourKitTests-p.build/Objects-normal/arm64/CatalogTests.o -o /Volumes/ExtSSD160/.mahler-worktrees/phish-in/346-run10178/macos/Packages/CouchTourKit/.build/out/Intermediates.noindex/CouchTourKit.build/Debug/CouchTourKitTests-p.build/Objects-normal/arm64/DiscoveryCatalogE2ETests.o -o /Volumes/ExtSSD160/.mahler-worktrees/phish-in/346-run10178/macos/Packages/CouchTourKit/.build/out/Intermediates.noindex/CouchTourKit.build/Debug/CouchTourKitTests-p.build/Objects-normal/arm64/FavoritesTests.o -o /Volumes/ExtSSD160/.mahler-worktrees/phish-in/346-run10178/macos/Packages/CouchTourKit/.build/out/Intermediates.noindex/CouchTourKit.build/Debug/CouchTourKitTests-p.build/Objects-normal/arm64/FeedbackTests.o -o /Volumes/ExtSSD160/.mahler-worktrees/phish-in/346-run10178/macos/Packages/CouchTourKit/.build/out/Intermediates.noindex/CouchTourKit.build/Debug/CouchTourKitTests-p.build/Objects-normal/arm64/FillerTrackTests.o -debug-module-path /Volumes/ExtSSD160/.mahler-worktrees/phish-in/346-run10178/macos/Packages/CouchTourKit/.build/out/Intermediates.noindex/CouchTourKit.build/Debug/CouchTourKitTests-p.build/Objects-normal/arm64/CouchTourKitTests.swiftmodule -index-unit-output-path /CouchTourKit.build/Debug/CouchTourKitTests-p.build/Objects-normal/arm64/CatalogTests.o -index-unit-output-path /CouchTourKit.build/Debug/CouchTourKitTests-p.build/Objects-normal/arm64/DiscoveryCatalogE2ETests.o -index-unit-output-path /CouchTourKit.build/Debug/CouchTourKitTests-p.build/Objects-normal/arm64/FavoritesTests.o -index-unit-output-path /CouchTourKit.build/Debug/CouchTourKitTests-p.build/Objects-normal/arm64/FeedbackTests.o -index-unit-output-path /CouchTourKit.build/Debug/CouchTourKitTests-p.build/Objects-normal/arm64/FillerTrackTests.o -index-store-path /Volumes/ExtSSD160/.mahler-worktrees/phish-in/346-run10178/macos/Packages/CouchTourKit/.build/out -index-system-modules
[13 / 24] CouchTourKitTests-product
error: Build failed
error: fatalError
